// Vitest Snapshot v1, https://vitest.dev/guide/snapshot.html

exports[`Should match snapshots 1`] = `
<button
  className="inline-flex items-center justify-center text-sm font-medium ring-offset-background transition-colors focus-visible:outline-none focus-visible:ring-2 focus-visible:ring-ring focus-visible:ring-offset-2 disabled:pointer-events-none disabled:opacity-50 hover:bg-primary/90 h-10 px-4 py-2 bg-primary text-white md:w-[245px] md:h-[56px] select-none w-[9.125rem] shadow-none !h-[3.37rem] rounded-[0.625rem]"
  data-testid="task-modal-trigger"
  disabled={false}
  onClick={[Function]}
  type="button"
>
  <div
    className="flex gap-2 items-center"
  >
    Add New Task
  </div>
</button>
`;
